// Jest Snapshot v1, https://goo.gl/fbAQLP

exports[`Formatter format with "EUR" should format EUR -120.99 correctly 1`] = `"-120,99 €"`;

exports[`Formatter format with "EUR" should format EUR 54.42 correctly 1`] = `"54,42 €"`;

exports[`Formatter format with "EUR" should format EUR 100.00 correctly 1`] = `"100,00 €"`;

exports[`Formatter format with "EUR" should format EUR 1200145154.42 correctly 1`] = `"1 200 145 154,42 €"`;

exports[`Formatter format with "GBP" should format GBP -120.99 correctly 1`] = `"-£120.99"`;

exports[`Formatter format with "GBP" should format GBP 54.42 correctly 1`] = `"£54.42"`;

exports[`Formatter format with "GBP" should format GBP 100.00 correctly 1`] = `"£100.00"`;

exports[`Formatter format with "GBP" should format GBP 1200145154.42 correctly 1`] = `"£1,200,145,154.42"`;

exports[`Formatter format with "JPY" should format JPY -120.99 correctly 1`] = `"-¥121"`;

exports[`Formatter format with "JPY" should format JPY 54.42 correctly 1`] = `"¥54"`;

exports[`Formatter format with "JPY" should format JPY 100.00 correctly 1`] = `"¥100"`;

exports[`Formatter format with "JPY" should format JPY 1200145154.42 correctly 1`] = `"¥1,200,145,154"`;

exports[`Formatter format with "OMR" should format OMR -120.99 correctly 1`] = `"﷼ -120.990"`;

exports[`Formatter format with "OMR" should format OMR 54.42 correctly 1`] = `"﷼ 54.420"`;

exports[`Formatter format with "OMR" should format OMR 100.00 correctly 1`] = `"﷼ 100.000"`;

exports[`Formatter format with "OMR" should format OMR 1200145154.42 correctly 1`] = `"﷼ 1,200,145,154.420"`;

exports[`Formatter format with "USD" should format USD -120.99 correctly 1`] = `"-$120.99"`;

exports[`Formatter format with "USD" should format USD 54.42 correctly 1`] = `"$54.42"`;

exports[`Formatter format with "USD" should format USD 100.00 correctly 1`] = `"$100.00"`;

exports[`Formatter format with "USD" should format USD 1200145154.42 correctly 1`] = `"$1,200,145,154.42"`;
